Archive member included to satisfy reference by file (symbol)

c:/ti/ccsv8/tools/compiler/gcc-arm-none-eabi-7-2017-q4-major-win32/bin/../lib/gcc/arm-none-eabi/7.2.1/../../../../arm-none-eabi/lib/thumb/v7e-m/fpv4-sp/hard\libg.a(lib_a-exit.o)
                              c:/ti/ccsv8/tools/compiler/gcc-arm-none-eabi-7-2017-q4-major-win32/bin/../lib/gcc/arm-none-eabi/7.2.1/../../../../arm-none-eabi/lib/thumb/v7e-m/fpv4-sp/hard/crt0.o (exit)
c:/ti/ccsv8/tools/compiler/gcc-arm-none-eabi-7-2017-q4-major-win32/bin/../lib/gcc/arm-none-eabi/7.2.1/../../../../arm-none-eabi/lib/thumb/v7e-m/fpv4-sp/hard\libg.a(lib_a-impure.o)
                              c:/ti/ccsv8/tools/compiler/gcc-arm-none-eabi-7-2017-q4-major-win32/bin/../lib/gcc/arm-none-eabi/7.2.1/../../../../arm-none-eabi/lib/thumb/v7e-m/fpv4-sp/hard\libg.a(lib_a-exit.o) (_global_impure_ptr)
c:/ti/ccsv8/tools/compiler/gcc-arm-none-eabi-7-2017-q4-major-win32/bin/../lib/gcc/arm-none-eabi/7.2.1/../../../../arm-none-eabi/lib/thumb/v7e-m/fpv4-sp/hard\libg.a(lib_a-init.o)
                              c:/ti/ccsv8/tools/compiler/gcc-arm-none-eabi-7-2017-q4-major-win32/bin/../lib/gcc/arm-none-eabi/7.2.1/../../../../arm-none-eabi/lib/thumb/v7e-m/fpv4-sp/hard/crt0.o (__libc_init_array)
c:/ti/ccsv8/tools/compiler/gcc-arm-none-eabi-7-2017-q4-major-win32/bin/../lib/gcc/arm-none-eabi/7.2.1/../../../../arm-none-eabi/lib/thumb/v7e-m/fpv4-sp/hard\libg.a(lib_a-memcpy.o)
                              ./queue.o (memcpy)
c:/ti/ccsv8/tools/compiler/gcc-arm-none-eabi-7-2017-q4-major-win32/bin/../lib/gcc/arm-none-eabi/7.2.1/../../../../arm-none-eabi/lib/thumb/v7e-m/fpv4-sp/hard\libg.a(lib_a-memset.o)
                              c:/ti/ccsv8/tools/compiler/gcc-arm-none-eabi-7-2017-q4-major-win32/bin/../lib/gcc/arm-none-eabi/7.2.1/../../../../arm-none-eabi/lib/thumb/v7e-m/fpv4-sp/hard/crt0.o (memset)
c:/ti/ccsv8/tools/compiler/gcc-arm-none-eabi-7-2017-q4-major-win32/bin/../lib/gcc/arm-none-eabi/7.2.1/../../../../arm-none-eabi/lib/thumb/v7e-m/fpv4-sp/hard\libg.a(lib_a-__call_atexit.o)
                              c:/ti/ccsv8/tools/compiler/gcc-arm-none-eabi-7-2017-q4-major-win32/bin/../lib/gcc/arm-none-eabi/7.2.1/../../../../arm-none-eabi/lib/thumb/v7e-m/fpv4-sp/hard\libg.a(lib_a-exit.o) (__call_exitprocs)
c:/ti/ccsv8/tools/compiler/gcc-arm-none-eabi-7-2017-q4-major-win32/bin/../lib/gcc/arm-none-eabi/7.2.1/../../../../arm-none-eabi/lib/thumb/v7e-m/fpv4-sp/hard\libg.a(lib_a-atexit.o)
                              c:/ti/ccsv8/tools/compiler/gcc-arm-none-eabi-7-2017-q4-major-win32/bin/../lib/gcc/arm-none-eabi/7.2.1/../../../../arm-none-eabi/lib/thumb/v7e-m/fpv4-sp/hard\libg.a(lib_a-__call_atexit.o) (atexit)
c:/ti/ccsv8/tools/compiler/gcc-arm-none-eabi-7-2017-q4-major-win32/bin/../lib/gcc/arm-none-eabi/7.2.1/../../../../arm-none-eabi/lib/thumb/v7e-m/fpv4-sp/hard\libg.a(lib_a-fini.o)
                              c:/ti/ccsv8/tools/compiler/gcc-arm-none-eabi-7-2017-q4-major-win32/bin/../lib/gcc/arm-none-eabi/7.2.1/../../../../arm-none-eabi/lib/thumb/v7e-m/fpv4-sp/hard\libg.a(lib_a-__call_atexit.o) (__libc_fini_array)
c:/ti/ccsv8/tools/compiler/gcc-arm-none-eabi-7-2017-q4-major-win32/bin/../lib/gcc/arm-none-eabi/7.2.1/../../../../arm-none-eabi/lib/thumb/v7e-m/fpv4-sp/hard\libg.a(lib_a-lock.o)
                              c:/ti/ccsv8/tools/compiler/gcc-arm-none-eabi-7-2017-q4-major-win32/bin/../lib/gcc/arm-none-eabi/7.2.1/../../../../arm-none-eabi/lib/thumb/v7e-m/fpv4-sp/hard\libg.a(lib_a-__call_atexit.o) (__retarget_lock_acquire_recursive)
c:/ti/ccsv8/tools/compiler/gcc-arm-none-eabi-7-2017-q4-major-win32/bin/../lib/gcc/arm-none-eabi/7.2.1/../../../../arm-none-eabi/lib/thumb/v7e-m/fpv4-sp/hard\libg.a(lib_a-__atexit.o)
                              c:/ti/ccsv8/tools/compiler/gcc-arm-none-eabi-7-2017-q4-major-win32/bin/../lib/gcc/arm-none-eabi/7.2.1/../../../../arm-none-eabi/lib/thumb/v7e-m/fpv4-sp/hard\libg.a(lib_a-atexit.o) (__register_exitproc)
c:/ti/ccsv8/tools/compiler/gcc-arm-none-eabi-7-2017-q4-major-win32/bin/../lib/gcc/arm-none-eabi/7.2.1/../../../../arm-none-eabi/lib/thumb/v7e-m/fpv4-sp/hard\libnosys.a(_exit.o)
                              c:/ti/ccsv8/tools/compiler/gcc-arm-none-eabi-7-2017-q4-major-win32/bin/../lib/gcc/arm-none-eabi/7.2.1/../../../../arm-none-eabi/lib/thumb/v7e-m/fpv4-sp/hard\libg.a(lib_a-exit.o) (_exit)

Allocating common symbols
Common symbol       size              file

LAST_AB             0x1               ./digiswitch.o
__lock___atexit_recursive_mutex
                    0x1               c:/ti/ccsv8/tools/compiler/gcc-arm-none-eabi-7-2017-q4-major-win32/bin/../lib/gcc/arm-none-eabi/7.2.1/../../../../arm-none-eabi/lib/thumb/v7e-m/fpv4-sp/hard\libg.a(lib_a-lock.o)
__lock___arc4random_mutex
                    0x1               c:/ti/ccsv8/tools/compiler/gcc-arm-none-eabi-7-2017-q4-major-win32/bin/../lib/gcc/arm-none-eabi/7.2.1/../../../../arm-none-eabi/lib/thumb/v7e-m/fpv4-sp/hard\libg.a(lib_a-lock.o)
A                   0x1               ./digiswitch.o
btn_Pushed          0x1               ./digiswitch.o
YY                  0x1               ./digiswitch.o
LCD_init            0x1               ./lcd.o
__lock___env_recursive_mutex
                    0x1               c:/ti/ccsv8/tools/compiler/gcc-arm-none-eabi-7-2017-q4-major-win32/bin/../lib/gcc/arm-none-eabi/7.2.1/../../../../arm-none-eabi/lib/thumb/v7e-m/fpv4-sp/hard\libg.a(lib_a-lock.o)
__lock___sinit_recursive_mutex
                    0x1               c:/ti/ccsv8/tools/compiler/gcc-arm-none-eabi-7-2017-q4-major-win32/bin/../lib/gcc/arm-none-eabi/7.2.1/../../../../arm-none-eabi/lib/thumb/v7e-m/fpv4-sp/hard\libg.a(lib_a-lock.o)
btn_State           0x1               ./digiswitch.o
B                   0x1               ./digiswitch.o
__lock___malloc_recursive_mutex
                    0x1               c:/ti/ccsv8/tools/compiler/gcc-arm-none-eabi-7-2017-q4-major-win32/bin/../lib/gcc/arm-none-eabi/7.2.1/../../../../arm-none-eabi/lib/thumb/v7e-m/fpv4-sp/hard\libg.a(lib_a-lock.o)
adc_value           0x2               ./adc.o
pof                 0x40              ./file.o
AB                  0x1               ./digiswitch.o
LAST_B              0x1               ./digiswitch.o
__lock___at_quick_exit_mutex
                    0x1               c:/ti/ccsv8/tools/compiler/gcc-arm-none-eabi-7-2017-q4-major-win32/bin/../lib/gcc/arm-none-eabi/7.2.1/../../../../arm-none-eabi/lib/thumb/v7e-m/fpv4-sp/hard\libg.a(lib_a-lock.o)
LAST_A              0x1               ./digiswitch.o
__lock___dd_hash_mutex
                    0x1               c:/ti/ccsv8/tools/compiler/gcc-arm-none-eabi-7-2017-q4-major-win32/bin/../lib/gcc/arm-none-eabi/7.2.1/../../../../arm-none-eabi/lib/thumb/v7e-m/fpv4-sp/hard\libg.a(lib_a-lock.o)
__lock___tz_mutex   0x1               c:/ti/ccsv8/tools/compiler/gcc-arm-none-eabi-7-2017-q4-major-win32/bin/../lib/gcc/arm-none-eabi/7.2.1/../../../../arm-none-eabi/lib/thumb/v7e-m/fpv4-sp/hard\libg.a(lib_a-lock.o)
__lock___sfp_recursive_mutex
                    0x1               c:/ti/ccsv8/tools/compiler/gcc-arm-none-eabi-7-2017-q4-major-win32/bin/../lib/gcc/arm-none-eabi/7.2.1/../../../../arm-none-eabi/lib/thumb/v7e-m/fpv4-sp/hard\libg.a(lib_a-lock.o)

Memory Configuration

Name             Origin             Length             Attributes
FLASH            0x00000000         0x00040000         xr
SRAM             0x20000000         0x00008000         xw
*default*        0x00000000         0xffffffff

Linker script and memory map

LOAD c:/ti/ccsv8/tools/compiler/gcc-arm-none-eabi-7-2017-q4-major-win32/bin/../lib/gcc/arm-none-eabi/7.2.1/thumb/v7e-m/fpv4-sp/hard/crti.o
LOAD c:/ti/ccsv8/tools/compiler/gcc-arm-none-eabi-7-2017-q4-major-win32/bin/../lib/gcc/arm-none-eabi/7.2.1/thumb/v7e-m/fpv4-sp/hard/crtbegin.o
LOAD c:/ti/ccsv8/tools/compiler/gcc-arm-none-eabi-7-2017-q4-major-win32/bin/../lib/gcc/arm-none-eabi/7.2.1/../../../../arm-none-eabi/lib/thumb/v7e-m/fpv4-sp/hard/crt0.o
LOAD ./adc.o
LOAD ./digiswitch.o
LOAD ./file.o
LOAD ./gpio.o
LOAD ./heap_2.o
LOAD ./lcd.o
LOAD ./list.o
LOAD ./main.o
LOAD ./port.o
LOAD ./queue.o
LOAD ./startup_frt.o
LOAD ./status_led.o
LOAD ./string.o
LOAD ./systick_frt.o
LOAD ./tasks.o
                0x00000000                PROVIDE (_intvecs_base_address, 0x0)

.intvecs        0x00000000      0x26c
 *(.intvecs)
 .intvecs       0x00000000      0x26c ./startup_frt.o
                0x00000000                g_pfnVectors
                0x20000000                PROVIDE (_vtable_base_address, 0x20000000)

.vtable
 *(.vtable)

.text           0x00000270     0x2fa8
 CREATE_OBJECT_SYMBOLS
 *(.text)
 .text          0x00000270        0x0 c:/ti/ccsv8/tools/compiler/gcc-arm-none-eabi-7-2017-q4-major-win32/bin/../lib/gcc/arm-none-eabi/7.2.1/thumb/v7e-m/fpv4-sp/hard/crti.o
 .text          0x00000270       0x40 c:/ti/ccsv8/tools/compiler/gcc-arm-none-eabi-7-2017-q4-major-win32/bin/../lib/gcc/arm-none-eabi/7.2.1/thumb/v7e-m/fpv4-sp/hard/crtbegin.o
 .text          0x000002b0       0x74 c:/ti/ccsv8/tools/compiler/gcc-arm-none-eabi-7-2017-q4-major-win32/bin/../lib/gcc/arm-none-eabi/7.2.1/../../../../arm-none-eabi/lib/thumb/v7e-m/fpv4-sp/hard/crt0.o
                0x000002b0                _start
                0x000002b0                _mainCRTStartup
 .text          0x00000324        0x0 ./adc.o
 .text          0x00000324        0x0 ./digiswitch.o
 .text          0x00000324        0x0 ./file.o
 .text          0x00000324        0x0 ./gpio.o
 .text          0x00000324        0x0 ./heap_2.o
 .text          0x00000324        0x0 ./lcd.o
 .text          0x00000324        0x0 ./list.o
 .text          0x00000324        0x0 ./main.o
 .text          0x00000324        0x0 ./port.o
 .text          0x00000324        0x0 ./queue.o
 .text          0x00000324        0x0 ./startup_frt.o
 .text          0x00000324        0x0 ./status_led.o
 .text          0x00000324        0x0 ./string.o
 .text          0x00000324        0x0 ./systick_frt.o
 .text          0x00000324        0x0 ./tasks.o
 .text          0x00000324        0x0 c:/ti/ccsv8/tools/compiler/gcc-arm-none-eabi-7-2017-q4-major-win32/bin/../lib/gcc/arm-none-eabi/7.2.1/../../../../arm-none-eabi/lib/thumb/v7e-m/fpv4-sp/hard\libg.a(lib_a-exit.o)
 .text          0x00000324        0x0 c:/ti/ccsv8/tools/compiler/gcc-arm-none-eabi-7-2017-q4-major-win32/bin/../lib/gcc/arm-none-eabi/7.2.1/../../../../arm-none-eabi/lib/thumb/v7e-m/fpv4-sp/hard\libg.a(lib_a-impure.o)
 .text          0x00000324        0x0 c:/ti/ccsv8/tools/compiler/gcc-arm-none-eabi-7-2017-q4-major-win32/bin/../lib/gcc/arm-none-eabi/7.2.1/../../../../arm-none-eabi/lib/thumb/v7e-m/fpv4-sp/hard\libg.a(lib_a-init.o)
 .text          0x00000324      0x134 c:/ti/ccsv8/tools/compiler/gcc-arm-none-eabi-7-2017-q4-major-win32/bin/../lib/gcc/arm-none-eabi/7.2.1/../../../../arm-none-eabi/lib/thumb/v7e-m/fpv4-sp/hard\libg.a(lib_a-memcpy.o)
                0x00000324                memcpy
 .text          0x00000458        0x0 c:/ti/ccsv8/tools/compiler/gcc-arm-none-eabi-7-2017-q4-major-win32/bin/../lib/gcc/arm-none-eabi/7.2.1/../../../../arm-none-eabi/lib/thumb/v7e-m/fpv4-sp/hard\libg.a(lib_a-memset.o)
 .text          0x00000458        0x0 c:/ti/ccsv8/tools/compiler/gcc-arm-none-eabi-7-2017-q4-major-win32/bin/../lib/gcc/arm-none-eabi/7.2.1/../../../../arm-none-eabi/lib/thumb/v7e-m/fpv4-sp/hard\libg.a(lib_a-__call_atexit.o)
 .text          0x00000458        0x0 c:/ti/ccsv8/tools/compiler/gcc-arm-none-eabi-7-2017-q4-major-win32/bin/../lib/gcc/arm-none-eabi/7.2.1/../../../../arm-none-eabi/lib/thumb/v7e-m/fpv4-sp/hard\libg.a(lib_a-atexit.o)
 .text          0x00000458        0x0 c:/ti/ccsv8/tools/compiler/gcc-arm-none-eabi-7-2017-q4-major-win32/bin/../lib/gcc/arm-none-eabi/7.2.1/../../../../arm-none-eabi/lib/thumb/v7e-m/fpv4-sp/hard\libg.a(lib_a-fini.o)
 .text          0x00000458        0x0 c:/ti/ccsv8/tools/compiler/gcc-arm-none-eabi-7-2017-q4-major-win32/bin/../lib/gcc/arm-none-eabi/7.2.1/../../../../arm-none-eabi/lib/thumb/v7e-m/fpv4-sp/hard\libg.a(lib_a-lock.o)
 .text          0x00000458        0x0 c:/ti/ccsv8/tools/compiler/gcc-arm-none-eabi-7-2017-q4-major-win32/bin/../lib/gcc/arm-none-eabi/7.2.1/../../../../arm-none-eabi/lib/thumb/v7e-m/fpv4-sp/hard\libg.a(lib_a-__atexit.o)
 .text          0x00000458        0x0 c:/ti/ccsv8/tools/compiler/gcc-arm-none-eabi-7-2017-q4-major-win32/bin/../lib/gcc/arm-none-eabi/7.2.1/../../../../arm-none-eabi/lib/thumb/v7e-m/fpv4-sp/hard\libnosys.a(_exit.o)
 .text          0x00000458        0x0 c:/ti/ccsv8/tools/compiler/gcc-arm-none-eabi-7-2017-q4-major-win32/bin/../lib/gcc/arm-none-eabi/7.2.1/thumb/v7e-m/fpv4-sp/hard/crtend.o
 .text          0x00000458        0x0 c:/ti/ccsv8/tools/compiler/gcc-arm-none-eabi-7-2017-q4-major-win32/bin/../lib/gcc/arm-none-eabi/7.2.1/thumb/v7e-m/fpv4-sp/hard/crtn.o
 *(.text.*)
 .text.get_adc  0x00000458        0xc ./adc.o
                0x00000458                get_adc
 .text.set_scalefactor
                0x00000464        0xc ./adc.o
                0x00000464                set_scalefactor
 .text.get_scalefactor
                0x00000470        0xc ./adc.o
                0x00000470                get_scalefactor
 .text.set_offset
                0x0000047c        0xc ./adc.o
                0x0000047c                set_offset
 .text.get_offset
                0x00000488        0xc ./adc.o
                0x00000488                get_offset
 .text.get_adjusted_adc
                0x00000494        0xc ./adc.o
                0x00000494                get_adjusted_adc
 .text.init_adc
                0x000004a0       0x50 ./adc.o
                0x000004a0                init_adc
 .text.init_adc_semaphores
                0x000004f0       0x1c ./adc.o
                0x000004f0                init_adc_semaphores
 .text.ai_task  0x0000050c       0x34 ./adc.o
                0x0000050c                ai_task
 .text.scale_task
                0x00000540       0x70 ./adc.o
                0x00000540                scale_task
 .text.driver   0x000005b0      0x190 ./digiswitch.o
                0x000005b0                driver
 .text.put_file
                0x00000740       0x14 ./file.o
                0x00000740                put_file
 .text.get_file
                0x00000754       0x1c ./file.o
                0x00000754                get_file
 .text.init_files
                0x00000770       0x2c ./file.o
                0x00000770                init_files
 .text.init_gpio
                0x0000079c       0x58 ./gpio.o
                0x0000079c                init_gpio
 .text.prvHeapInit
                0x000007f4       0x2c ./heap_2.o
 .text.pvPortMalloc
                0x00000820       0xa4 ./heap_2.o
                0x00000820                pvPortMalloc
 .text.vPortFree
                0x000008c4       0x44 ./heap_2.o
                0x000008c4                vPortFree
 .text.xPortGetFreeHeapSize
                0x00000908        0xc ./heap_2.o
                0x00000908                xPortGetFreeHeapSize
 .text.vPortInitialiseBlocks
                0x00000914        0x2 ./heap_2.o
                0x00000914                vPortInitialiseBlocks
 *fill*         0x00000916        0x2 
 .text.wr_ch_LCD
                0x00000918       0x24 ./lcd.o
                0x00000918                wr_ch_LCD
 .text.wr_str_LCD
                0x0000093c       0x14 ./lcd.o
                0x0000093c                wr_str_LCD
 .text.move_LCD
                0x00000950       0x1c ./lcd.o
                0x00000950                move_LCD
 .text.wr_ctrl_LCD_low
                0x0000096c       0x94 ./lcd.o
                0x0000096c                wr_ctrl_LCD_low
 .text.wr_ctrl_LCD_high
                0x00000a00        0xa ./lcd.o
                0x00000a00                wr_ctrl_LCD_high
 *fill*         0x00000a0a        0x2 
 .text.out_LCD_low
                0x00000a0c       0x34 ./lcd.o
                0x00000a0c                out_LCD_low
 .text.out_LCD_high
                0x00000a40        0xa ./lcd.o
                0x00000a40                out_LCD_high
 *fill*         0x00000a4a        0x2 
 .text.wr_ctrl_LCD
                0x00000a4c       0x38 ./lcd.o
                0x00000a4c                wr_ctrl_LCD
 .text.clr_LCD  0x00000a84        0xa ./lcd.o
                0x00000a84                clr_LCD
 .text.home_LCD
                0x00000a8e        0xa ./lcd.o
                0x00000a8e                home_LCD
 .text.Set_cursor
                0x00000a98        0x8 ./lcd.o
                0x00000a98                Set_cursor
 .text.out_LCD  0x00000aa0       0x1e ./lcd.o
                0x00000aa0                out_LCD
 *fill*         0x00000abe        0x2 
 .text.lcd_init_queue
                0x00000ac0       0x18 ./lcd.o
                0x00000ac0                lcd_init_queue
 .text.lcd_task
                0x00000ad8       0xe4 ./lcd.o
                0x00000ad8                lcd_task
 .text.vListInitialise
                0x00000bbc       0x16 ./list.o
                0x00000bbc                vListInitialise
 .text.vListInitialiseItem
                0x00000bd2        0x6 ./list.o
                0x00000bd2                vListInitialiseItem
 .text.vListInsertEnd
                0x00000bd8       0x18 ./list.o
                0x00000bd8                vListInsertEnd
 .text.vListInsert
                0x00000bf0       0x34 ./list.o
                0x00000bf0                vListInsert
 .text.uxListRemove
                0x00000c24       0x28 ./list.o
                0x00000c24                uxListRemove
 .text.setupHardware
                0x00000c4c       0x1c ./main.o
 .text.initializeSemaphores
                0x00000c68        0xc ./main.o
 .text.main     0x00000c74       0x50 ./main.o
                0x00000c74                main
 .text.prvTaskExitError
                0x00000cc4       0x20 ./port.o
 .text.prvPortStartFirstTask
                0x00000ce4       0x28 ./port.o
 .text.vPortEnableVFP
                0x00000d0c       0x14 ./port.o
 .text.pxPortInitialiseStack
                0x00000d20       0x2c ./port.o
                0x00000d20                pxPortInitialiseStack
 *fill*         0x00000d4c        0x4 
 .text.vPortSVCHandler
                0x00000d50       0x24 ./port.o
                0x00000d50                vPortSVCHandler
 .text.vPortEndScheduler
                0x00000d74        0x2 ./port.o
                0x00000d74                vPortEndScheduler
 *fill*         0x00000d76        0x2 
 .text.vPortEnterCritical
                0x00000d78       0x20 ./port.o
                0x00000d78                vPortEnterCritical
 .text.vPortExitCritical
                0x00000d98       0x14 ./port.o
                0x00000d98                vPortExitCritical
 *fill*         0x00000dac        0x4 
 .text.xPortPendSVHandler
                0x00000db0       0x64 ./port.o
                0x00000db0                xPortPendSVHandler
 .text.xPortSysTickHandler
                0x00000e14       0x2c ./port.o
                0x00000e14                xPortSysTickHandler
 .text.vPortSetupTimerInterrupt
                0x00000e40       0x28 ./port.o
                0x00000e40                vPortSetupTimerInterrupt
 .text.xPortStartScheduler
                0x00000e68       0x48 ./port.o
                0x00000e68                xPortStartScheduler
 .text.prvGetDisinheritPriorityAfterTimeout
                0x00000eb0       0x12 ./queue.o
 .text.prvIsQueueFull
                0x00000ec2       0x1e ./queue.o
 .text.prvIsQueueEmpty
                0x00000ee0       0x1a ./queue.o
 .text.prvCopyDataToQueue
                0x00000efa       0x76 ./queue.o
 .text.prvCopyDataFromQueue
                0x00000f70       0x24 ./queue.o
 .text.prvUnlockQueue
                0x00000f94       0x6e ./queue.o
 *fill*         0x00001002        0x2 
 .text.xQueueGenericReset
                0x00001004       0x70 ./queue.o
                0x00001004                xQueueGenericReset
 .text.prvInitialiseNewQueue
                0x00001074       0x1c ./queue.o
 .text.xQueueGenericCreate
                0x00001090       0x34 ./queue.o
                0x00001090                xQueueGenericCreate
 .text.xQueueGenericSend
                0x000010c4      0x118 ./queue.o
                0x000010c4                xQueueGenericSend
 .text.prvInitialiseMutex
                0x000011dc       0x18 ./queue.o
 .text.xQueueCreateMutex
                0x000011f4       0x16 ./queue.o
                0x000011f4                xQueueCreateMutex
 .text.xQueueGiveMutexRecursive
                0x0000120a       0x2c ./queue.o
                0x0000120a                xQueueGiveMutexRecursive
 .text.xQueueGenericSendFromISR
                0x00001236       0x6e ./queue.o
                0x00001236                xQueueGenericSendFromISR
 .text.xQueueGiveFromISR
                0x000012a4       0x64 ./queue.o
                0x000012a4                xQueueGiveFromISR
 .text.xQueueReceive
                0x00001308      0x10c ./queue.o
                0x00001308                xQueueReceive
 .text.xQueueSemaphoreTake
                0x00001414      0x148 ./queue.o
                0x00001414                xQueueSemaphoreTake
 .text.xQueueTakeMutexRecursive
                0x0000155c       0x30 ./queue.o
                0x0000155c                xQueueTakeMutexRecursive
 .text.xQueuePeek
                0x0000158c      0x10c ./queue.o
                0x0000158c                xQueuePeek
 .text.xQueueReceiveFromISR
                0x00001698       0x72 ./queue.o
                0x00001698                xQueueReceiveFromISR
 .text.xQueuePeekFromISR
                0x0000170a       0x30 ./queue.o
                0x0000170a                xQueuePeekFromISR
 .text.uxQueueMessagesWaiting
                0x0000173a       0x12 ./queue.o
                0x0000173a                uxQueueMessagesWaiting
 .text.uxQueueSpacesAvailable
                0x0000174c       0x16 ./queue.o
                0x0000174c                uxQueueSpacesAvailable
 .text.uxQueueMessagesWaitingFromISR
                0x00001762        0x4 ./queue.o
                0x00001762                uxQueueMessagesWaitingFromISR
 .text.vQueueDelete
                0x00001766        0x8 ./queue.o
                0x00001766                vQueueDelete
 .text.xQueueIsQueueEmptyFromISR
                0x0000176e        0xc ./queue.o
                0x0000176e                xQueueIsQueueEmptyFromISR
 .text.xQueueIsQueueFullFromISR
                0x0000177a       0x10 ./queue.o
                0x0000177a                xQueueIsQueueFullFromISR
 .text.NmiSR    0x0000178a        0x2 ./startup_frt.o
 .text.FaultISR
                0x0000178c        0x2 ./startup_frt.o
 .text.IntDefaultHandler
                0x0000178e        0x2 ./startup_frt.o
 .text.ResetISR
                0x00001790       0x50 ./startup_frt.o
                0x00001790                ResetISR
 .text.status_led_init
                0x000017e0       0x2c ./status_led.o
                0x000017e0                status_led_init
 .text.status_led_task
                0x0000180c       0x1c ./status_led.o
                0x0000180c                status_led_task
 .text.putc1    0x00001828       0x1e ./string.o
                0x00001828                putc1
 .text.putStr   0x00001846       0x18 ./string.o
                0x00001846                putStr
 .text.putChars
                0x0000185e       0x1c ./string.o
                0x0000185e                putChars
 *fill*         0x0000187a        0x2 
 .text.putDec   0x0000187c       0xb8 ./string.o
                0x0000187c                putDec
 .text.putHex   0x00001934       0x4a ./string.o
                0x00001934                putHex
 *fill*         0x0000197e        0x2 
 .text.gprint   0x00001980      0x26c ./string.o
                0x00001980                gprint
 .text.gfprintf
                0x00001bec       0x20 ./string.o
                0x00001bec                gfprintf
 .text.gprintf  0x00001c0c       0x22 ./string.o
                0x00001c0c                gprintf
 .text.gsprintf
                0x00001c2e       0x28 ./string.o
                0x00001c2e                gsprintf
 .text.enable_global_int
                0x00001c56        0x4 ./systick_frt.o
                0x00001c56                enable_global_int
 .text.disable_global_int
                0x00001c5a        0x4 ./systick_frt.o
                0x00001c5a                disable_global_int
 *fill*         0x00001c5e        0x2 
 .text.init_systick
                0x00001c60       0x5c ./systick_frt.o
                0x00001c60                init_systick
 .text.prvTaskIsTaskSuspended
                0x00001cbc       0x2c ./tasks.o
 .text.prvResetNextTaskUnblockTime
                0x00001ce8       0x2c ./tasks.o
 .text.prvDeleteTCB
                0x00001d14       0x12 ./tasks.o
 .text.prvInitialiseNewTask
                0x00001d26       0x8c ./tasks.o
 *fill*         0x00001db2        0x2 
 .text.prvInitialiseTaskLists
                0x00001db4       0x68 ./tasks.o
 .text.prvAddNewTaskToReadyList
                0x00001e1c       0xa8 ./tasks.o
 .text.prvCheckTasksWaitingTermination
                0x00001ec4       0x4c ./tasks.o
 .text.prvIdleTask
                0x00001f10       0x28 ./tasks.o
 .text.prvAddCurrentTaskToDelayedList
                0x00001f38       0x98 ./tasks.o
 .text.xTaskCreate
                0x00001fd0       0x62 ./tasks.o
                0x00001fd0                xTaskCreate
 *fill*         0x00002032        0x2 
 .text.vTaskDelete
                0x00002034       0xc4 ./tasks.o
                0x00002034                vTaskDelete
 .text.uxTaskPriorityGet
                0x000020f8       0x20 ./tasks.o
                0x000020f8                uxTaskPriorityGet
 .text.uxTaskPriorityGetFromISR
                0x00002118       0x28 ./tasks.o
                0x00002118                uxTaskPriorityGetFromISR
 .text.vTaskPrioritySet
                0x00002140       0xd4 ./tasks.o
                0x00002140                vTaskPrioritySet
 .text.vTaskResume
                0x00002214       0x74 ./tasks.o
                0x00002214                vTaskResume
 .text.xTaskResumeFromISR
                0x00002288       0x8c ./tasks.o
                0x00002288                xTaskResumeFromISR
 .text.vTaskStartScheduler
                0x00002314       0x64 ./tasks.o
                0x00002314                vTaskStartScheduler
 .text.vTaskEndScheduler
                0x00002378       0x24 ./tasks.o
                0x00002378                vTaskEndScheduler
 .text.vTaskSuspendAll
                0x0000239c       0x10 ./tasks.o
                0x0000239c                vTaskSuspendAll
 .text.xTaskGetTickCount
                0x000023ac        0xc ./tasks.o
                0x000023ac                xTaskGetTickCount
 .text.xTaskGetTickCountFromISR
                0x000023b8        0xc ./tasks.o
                0x000023b8                xTaskGetTickCountFromISR
 .text.uxTaskGetNumberOfTasks
                0x000023c4        0xc ./tasks.o
                0x000023c4                uxTaskGetNumberOfTasks
 .text.pcTaskGetName
                0x000023d0       0x14 ./tasks.o
                0x000023d0                pcTaskGetName
 .text.xTaskIncrementTick
                0x000023e4      0x100 ./tasks.o
                0x000023e4                xTaskIncrementTick
 .text.xTaskResumeAll
                0x000024e4       0xe4 ./tasks.o
                0x000024e4                xTaskResumeAll
 .text.vTaskDelayUntil
                0x000025c8       0x60 ./tasks.o
                0x000025c8                vTaskDelayUntil
 .text.vTaskDelay
                0x00002628       0x34 ./tasks.o
                0x00002628                vTaskDelay
 .text.vTaskSwitchContext
                0x0000265c       0x7c ./tasks.o
                0x0000265c                vTaskSwitchContext
 .text.vTaskSuspend
                0x000026d8       0xcc ./tasks.o
                0x000026d8                vTaskSuspend
 .text.vTaskPlaceOnEventList
                0x000027a4       0x1c ./tasks.o
                0x000027a4                vTaskPlaceOnEventList
 .text.vTaskPlaceOnUnorderedEventList
                0x000027c0       0x24 ./tasks.o
                0x000027c0                vTaskPlaceOnUnorderedEventList
 .text.xTaskRemoveFromEventList
                0x000027e4       0x78 ./tasks.o
                0x000027e4                xTaskRemoveFromEventList
 .text.vTaskRemoveFromUnorderedEventList
                0x0000285c       0x58 ./tasks.o
                0x0000285c                vTaskRemoveFromUnorderedEventList
 .text.vTaskSetTimeOutState
                0x000028b4       0x24 ./tasks.o
                0x000028b4                vTaskSetTimeOutState
 .text.vTaskInternalSetTimeOutState
                0x000028d8       0x18 ./tasks.o
                0x000028d8                vTaskInternalSetTimeOutState
 .text.xTaskCheckForTimeOut
                0x000028f0       0x58 ./tasks.o
                0x000028f0                xTaskCheckForTimeOut
 .text.vTaskMissedYield
                0x00002948        0xc ./tasks.o
                0x00002948                vTaskMissedYield
 .text.xTaskGetCurrentTaskHandle
                0x00002954        0xc ./tasks.o
                0x00002954                xTaskGetCurrentTaskHandle
 .text.xTaskPriorityInherit
                0x00002960       0xb8 ./tasks.o
                0x00002960                xTaskPriorityInherit
 .text.xTaskPriorityDisinherit
                0x00002a18       0x80 ./tasks.o
                0x00002a18                xTaskPriorityDisinherit
 .text.vTaskPriorityDisinheritAfterTimeout
                0x00002a98       0x8c ./tasks.o
                0x00002a98                vTaskPriorityDisinheritAfterTimeout
 .text.uxTaskResetEventItemValue
                0x00002b24       0x18 ./tasks.o
                0x00002b24                uxTaskResetEventItemValue
 .text.pvTaskIncrementMutexHeldCount
                0x00002b3c       0x1c ./tasks.o
                0x00002b3c                pvTaskIncrementMutexHeldCount
 .text.ulTaskNotifyTake
                0x00002b58       0x78 ./tasks.o
                0x00002b58                ulTaskNotifyTake
 .text.xTaskNotifyWait
                0x00002bd0       0x98 ./tasks.o
                0x00002bd0                xTaskNotifyWait
 .text.xTaskGenericNotify
                0x00002c68       0xb8 ./tasks.o
                0x00002c68                xTaskGenericNotify
 .text.xTaskGenericNotifyFromISR
                0x00002d20       0xdc ./tasks.o
                0x00002d20                xTaskGenericNotifyFromISR
 .text.vTaskNotifyGiveFromISR
                0x00002dfc       0xa0 ./tasks.o
                0x00002dfc                vTaskNotifyGiveFromISR
 .text.xTaskNotifyStateClear
                0x00002e9c       0x34 ./tasks.o
                0x00002e9c                xTaskNotifyStateClear
 .text.exit     0x00002ed0       0x20 c:/ti/ccsv8/tools/compiler/gcc-arm-none-eabi-7-2017-q4-major-win32/bin/../lib/gcc/arm-none-eabi/7.2.1/../../../../arm-none-eabi/lib/thumb/v7e-m/fpv4-sp/hard\libg.a(lib_a-exit.o)
                0x00002ed0                exit
 .text.__libc_init_array
                0x00002ef0       0x48 c:/ti/ccsv8/tools/compiler/gcc-arm-none-eabi-7-2017-q4-major-win32/bin/../lib/gcc/arm-none-eabi/7.2.1/../../../../arm-none-eabi/lib/thumb/v7e-m/fpv4-sp/hard\libg.a(lib_a-init.o)
                0x00002ef0                __libc_init_array
 .text.memset   0x00002f38       0x94 c:/ti/ccsv8/tools/compiler/gcc-arm-none-eabi-7-2017-q4-major-win32/bin/../lib/gcc/arm-none-eabi/7.2.1/../../../../arm-none-eabi/lib/thumb/v7e-m/fpv4-sp/hard\libg.a(lib_a-memset.o)
                0x00002f38                memset
 .text.startup.register_fini
                0x00002fcc       0x14 c:/ti/ccsv8/tools/compiler/gcc-arm-none-eabi-7-2017-q4-major-win32/bin/../lib/gcc/arm-none-eabi/7.2.1/../../../../arm-none-eabi/lib/thumb/v7e-m/fpv4-sp/hard\libg.a(lib_a-__call_atexit.o)
 .text.__call_exitprocs
                0x00002fe0       0xe8 c:/ti/ccsv8/tools/compiler/gcc-arm-none-eabi-7-2017-q4-major-win32/bin/../lib/gcc/arm-none-eabi/7.2.1/../../../../arm-none-eabi/lib/thumb/v7e-m/fpv4-sp/hard\libg.a(lib_a-__call_atexit.o)
                0x00002fe0                __call_exitprocs
 .text.atexit   0x000030c8        0xc c:/ti/ccsv8/tools/compiler/gcc-arm-none-eabi-7-2017-q4-major-win32/bin/../lib/gcc/arm-none-eabi/7.2.1/../../../../arm-none-eabi/lib/thumb/v7e-m/fpv4-sp/hard\libg.a(lib_a-atexit.o)
                0x000030c8                atexit
 .text.__libc_fini_array
                0x000030d4       0x34 c:/ti/ccsv8/tools/compiler/gcc-arm-none-eabi-7-2017-q4-major-win32/bin/../lib/gcc/arm-none-eabi/7.2.1/../../../../arm-none-eabi/lib/thumb/v7e-m/fpv4-sp/hard\libg.a(lib_a-fini.o)
                0x000030d4                __libc_fini_array
 .text.__retarget_lock_init
                0x00003108        0x4 c:/ti/ccsv8/tools/compiler/gcc-arm-none-eabi-7-2017-q4-major-win32/bin/../lib/gcc/arm-none-eabi/7.2.1/../../../../arm-none-eabi/lib/thumb/v7e-m/fpv4-sp/hard\libg.a(lib_a-lock.o)
                0x00003108                __retarget_lock_init
 .text.__retarget_lock_init_recursive
                0x0000310c        0x4 c:/ti/ccsv8/tools/compiler/gcc-arm-none-eabi-7-2017-q4-major-win32/bin/../lib/gcc/arm-none-eabi/7.2.1/../../../../arm-none-eabi/lib/thumb/v7e-m/fpv4-sp/hard\libg.a(lib_a-lock.o)
                0x0000310c                __retarget_lock_init_recursive
 .text.__retarget_lock_close
                0x00003110        0x4 c:/ti/ccsv8/tools/compiler/gcc-arm-none-eabi-7-2017-q4-major-win32/bin/../lib/gcc/arm-none-eabi/7.2.1/../../../../arm-none-eabi/lib/thumb/v7e-m/fpv4-sp/hard\libg.a(lib_a-lock.o)
                0x00003110                __retarget_lock_close
 .text.__retarget_lock_close_recursive
                0x00003114        0x4 c:/ti/ccsv8/tools/compiler/gcc-arm-none-eabi-7-2017-q4-major-win32/bin/../lib/gcc/arm-none-eabi/7.2.1/../../../../arm-none-eabi/lib/thumb/v7e-m/fpv4-sp/hard\libg.a(lib_a-lock.o)
                0x00003114                __retarget_lock_close_recursive
 .text.__retarget_lock_acquire
                0x00003118        0x4 c:/ti/ccsv8/tools/compiler/gcc-arm-none-eabi-7-2017-q4-major-win32/bin/../lib/gcc/arm-none-eabi/7.2.1/../../../../arm-none-eabi/lib/thumb/v7e-m/fpv4-sp/hard\libg.a(lib_a-lock.o)
                0x00003118                __retarget_lock_acquire
 .text.__retarget_lock_acquire_recursive
                0x0000311c        0x4 c:/ti/ccsv8/tools/compiler/gcc-arm-none-eabi-7-2017-q4-major-win32/bin/../lib/gcc/arm-none-eabi/7.2.1/../../../../arm-none-eabi/lib/thumb/v7e-m/fpv4-sp/hard\libg.a(lib_a-lock.o)
                0x0000311c                __retarget_lock_acquire_recursive
 .text.__retarget_lock_try_acquire
                0x00003120        0x4 c:/ti/ccsv8/tools/compiler/gcc-arm-none-eabi-7-2017-q4-major-win32/bin/../lib/gcc/arm-none-eabi/7.2.1/../../../../arm-none-eabi/lib/thumb/v7e-m/fpv4-sp/hard\libg.a(lib_a-lock.o)
                0x00003120                __retarget_lock_try_acquire
 .text.__retarget_lock_try_acquire_recursive
                0x00003124        0x4 c:/ti/ccsv8/tools/compiler/gcc-arm-none-eabi-7-2017-q4-major-win32/bin/../lib/gcc/arm-none-eabi/7.2.1/../../../../arm-none-eabi/lib/thumb/v7e-m/fpv4-sp/hard\libg.a(lib_a-lock.o)
                0x00003124                __retarget_lock_try_acquire_recursive
 .text.__retarget_lock_release
                0x00003128        0x4 c:/ti/ccsv8/tools/compiler/gcc-arm-none-eabi-7-2017-q4-major-win32/bin/../lib/gcc/arm-none-eabi/7.2.1/../../../../arm-none-eabi/lib/thumb/v7e-m/fpv4-sp/hard\libg.a(lib_a-lock.o)
                0x00003128                __retarget_lock_release
 .text.__retarget_lock_release_recursive
                0x0000312c        0x4 c:/ti/ccsv8/tools/compiler/gcc-arm-none-eabi-7-2017-q4-major-win32/bin/../lib/gcc/arm-none-eabi/7.2.1/../../../../arm-none-eabi/lib/thumb/v7e-m/fpv4-sp/hard\libg.a(lib_a-lock.o)
                0x0000312c                __retarget_lock_release_recursive
 .text.__register_exitproc
                0x00003130       0xc0 c:/ti/ccsv8/tools/compiler/gcc-arm-none-eabi-7-2017-q4-major-win32/bin/../lib/gcc/arm-none-eabi/7.2.1/../../../../arm-none-eabi/lib/thumb/v7e-m/fpv4-sp/hard\libg.a(lib_a-__atexit.o)
                0x00003130                __register_exitproc
 .text._exit    0x000031f0        0x4 c:/ti/ccsv8/tools/compiler/gcc-arm-none-eabi-7-2017-q4-major-win32/bin/../lib/gcc/arm-none-eabi/7.2.1/../../../../arm-none-eabi/lib/thumb/v7e-m/fpv4-sp/hard\libnosys.a(_exit.o)
                0x000031f0                _exit
                0x000031f4                . = ALIGN (0x4)
 *(.ctors)
                0x000031f4                . = ALIGN (0x4)
 *(.dtors)
                0x000031f4                . = ALIGN (0x4)
                0x000031f4                __init_array_start = .
 *(.init_array*)
 .init_array    0x000031f4        0x4 c:/ti/ccsv8/tools/compiler/gcc-arm-none-eabi-7-2017-q4-major-win32/bin/../lib/gcc/arm-none-eabi/7.2.1/thumb/v7e-m/fpv4-sp/hard/crtbegin.o
 .init_array.00000
                0x000031f8        0x4 c:/ti/ccsv8/tools/compiler/gcc-arm-none-eabi-7-2017-q4-major-win32/bin/../lib/gcc/arm-none-eabi/7.2.1/../../../../arm-none-eabi/lib/thumb/v7e-m/fpv4-sp/hard\libg.a(lib_a-__call_atexit.o)
                0x000031fc                __init_array_end = .
 *(.init)
 .init          0x000031fc        0x4 c:/ti/ccsv8/tools/compiler/gcc-arm-none-eabi-7-2017-q4-major-win32/bin/../lib/gcc/arm-none-eabi/7.2.1/thumb/v7e-m/fpv4-sp/hard/crti.o
                0x000031fc                _init
 .init          0x00003200        0x8 c:/ti/ccsv8/tools/compiler/gcc-arm-none-eabi-7-2017-q4-major-win32/bin/../lib/gcc/arm-none-eabi/7.2.1/thumb/v7e-m/fpv4-sp/hard/crtn.o
 *(.fini*)
 .fini          0x00003208        0x4 c:/ti/ccsv8/tools/compiler/gcc-arm-none-eabi-7-2017-q4-major-win32/bin/../lib/gcc/arm-none-eabi/7.2.1/thumb/v7e-m/fpv4-sp/hard/crti.o
                0x00003208                _fini
 .fini_array    0x0000320c        0x4 c:/ti/ccsv8/tools/compiler/gcc-arm-none-eabi-7-2017-q4-major-win32/bin/../lib/gcc/arm-none-eabi/7.2.1/thumb/v7e-m/fpv4-sp/hard/crtbegin.o
 .fini          0x00003210        0x8 c:/ti/ccsv8/tools/compiler/gcc-arm-none-eabi-7-2017-q4-major-win32/bin/../lib/gcc/arm-none-eabi/7.2.1/thumb/v7e-m/fpv4-sp/hard/crtn.o
                [!provide]                PROVIDE (__etext, .)
                [!provide]                PROVIDE (_etext, .)
                [!provide]                PROVIDE (etext, .)

.glue_7         0x00003218        0x0
 .glue_7        0x00003218        0x0 linker stubs

.glue_7t        0x00003218        0x0
 .glue_7t       0x00003218        0x0 linker stubs

.vfp11_veneer   0x00003218        0x0
 .vfp11_veneer  0x00003218        0x0 linker stubs

.v4_bx          0x00003218        0x0
 .v4_bx         0x00003218        0x0 linker stubs

.iplt           0x00003218        0x0
 .iplt          0x00003218        0x0 c:/ti/ccsv8/tools/compiler/gcc-arm-none-eabi-7-2017-q4-major-win32/bin/../lib/gcc/arm-none-eabi/7.2.1/thumb/v7e-m/fpv4-sp/hard/crtbegin.o

.rodata         0x00003218       0x7c
 *(.rodata)
 *(.rodata*)
 .rodata.scale_task.str1.4
                0x00003218        0xd ./adc.o
 *fill*         0x00003225        0x3 
 .rodata.driver.str1.4
                0x00003228       0x40 ./digiswitch.o
 .rodata.LCD_init_sequense
                0x00003268        0xa ./lcd.o
                0x00003268                LCD_init_sequense
 *fill*         0x00003272        0x2 
 .rodata.main.str1.4
                0x00003274        0xf ./main.o
 *fill*         0x00003283        0x1 
 .rodata.gprint.str1.4
                0x00003284        0x4 ./string.o
 .rodata.vTaskStartScheduler.str1.4
                0x00003288        0x8 ./tasks.o
                                  0x5 (size before relaxing)
 .rodata._global_impure_ptr
                0x00003290        0x4 c:/ti/ccsv8/tools/compiler/gcc-arm-none-eabi-7-2017-q4-major-win32/bin/../lib/gcc/arm-none-eabi/7.2.1/../../../../arm-none-eabi/lib/thumb/v7e-m/fpv4-sp/hard\libg.a(lib_a-impure.o)
                0x00003290                _global_impure_ptr

.eh_frame       0x00003294        0x4
 .eh_frame      0x00003294        0x0 c:/ti/ccsv8/tools/compiler/gcc-arm-none-eabi-7-2017-q4-major-win32/bin/../lib/gcc/arm-none-eabi/7.2.1/thumb/v7e-m/fpv4-sp/hard/crtbegin.o
 .eh_frame      0x00003294        0x4 c:/ti/ccsv8/tools/compiler/gcc-arm-none-eabi-7-2017-q4-major-win32/bin/../lib/gcc/arm-none-eabi/7.2.1/thumb/v7e-m/fpv4-sp/hard/crtend.o

.data           0x20000000      0x444 load address 0x00003298
                0x00003298                __data_load__ = LOADADDR (.data)
                0x20000000                __data_start__ = .
 *(.data)
 .data          0x20000000        0x0 c:/ti/ccsv8/tools/compiler/gcc-arm-none-eabi-7-2017-q4-major-win32/bin/../lib/gcc/arm-none-eabi/7.2.1/thumb/v7e-m/fpv4-sp/hard/crti.o
 .data          0x20000000        0x4 c:/ti/ccsv8/tools/compiler/gcc-arm-none-eabi-7-2017-q4-major-win32/bin/../lib/gcc/arm-none-eabi/7.2.1/thumb/v7e-m/fpv4-sp/hard/crtbegin.o
                0x20000000                __dso_handle
 .data          0x20000004        0x0 c:/ti/ccsv8/tools/compiler/gcc-arm-none-eabi-7-2017-q4-major-win32/bin/../lib/gcc/arm-none-eabi/7.2.1/../../../../arm-none-eabi/lib/thumb/v7e-m/fpv4-sp/hard/crt0.o
 .data          0x20000004        0x0 ./adc.o
 .data          0x20000004        0x0 ./digiswitch.o
 .data          0x20000004        0x0 ./file.o
 .data          0x20000004        0x0 ./gpio.o
 .data          0x20000004        0x0 ./heap_2.o
 .data          0x20000004        0x0 ./lcd.o
 .data          0x20000004        0x0 ./list.o
 .data          0x20000004        0x0 ./main.o
 .data          0x20000004        0x0 ./port.o
 .data          0x20000004        0x0 ./queue.o
 .data          0x20000004        0x0 ./startup_frt.o
 .data          0x20000004        0x0 ./status_led.o
 .data          0x20000004        0x0 ./string.o
 .data          0x20000004        0x0 ./systick_frt.o
 .data          0x20000004        0x0 ./tasks.o
 .data          0x20000004        0x0 c:/ti/ccsv8/tools/compiler/gcc-arm-none-eabi-7-2017-q4-major-win32/bin/../lib/gcc/arm-none-eabi/7.2.1/../../../../arm-none-eabi/lib/thumb/v7e-m/fpv4-sp/hard\libg.a(lib_a-exit.o)
 .data          0x20000004        0x0 c:/ti/ccsv8/tools/compiler/gcc-arm-none-eabi-7-2017-q4-major-win32/bin/../lib/gcc/arm-none-eabi/7.2.1/../../../../arm-none-eabi/lib/thumb/v7e-m/fpv4-sp/hard\libg.a(lib_a-impure.o)
 .data          0x20000004        0x0 c:/ti/ccsv8/tools/compiler/gcc-arm-none-eabi-7-2017-q4-major-win32/bin/../lib/gcc/arm-none-eabi/7.2.1/../../../../arm-none-eabi/lib/thumb/v7e-m/fpv4-sp/hard\libg.a(lib_a-init.o)
 .data          0x20000004        0x0 c:/ti/ccsv8/tools/compiler/gcc-arm-none-eabi-7-2017-q4-major-win32/bin/../lib/gcc/arm-none-eabi/7.2.1/../../../../arm-none-eabi/lib/thumb/v7e-m/fpv4-sp/hard\libg.a(lib_a-memcpy.o)
 .data          0x20000004        0x0 c:/ti/ccsv8/tools/compiler/gcc-arm-none-eabi-7-2017-q4-major-win32/bin/../lib/gcc/arm-none-eabi/7.2.1/../../../../arm-none-eabi/lib/thumb/v7e-m/fpv4-sp/hard\libg.a(lib_a-memset.o)
 .data          0x20000004        0x0 c:/ti/ccsv8/tools/compiler/gcc-arm-none-eabi-7-2017-q4-major-win32/bin/../lib/gcc/arm-none-eabi/7.2.1/../../../../arm-none-eabi/lib/thumb/v7e-m/fpv4-sp/hard\libg.a(lib_a-__call_atexit.o)
 .data          0x20000004        0x0 c:/ti/ccsv8/tools/compiler/gcc-arm-none-eabi-7-2017-q4-major-win32/bin/../lib/gcc/arm-none-eabi/7.2.1/../../../../arm-none-eabi/lib/thumb/v7e-m/fpv4-sp/hard\libg.a(lib_a-atexit.o)
 .data          0x20000004        0x0 c:/ti/ccsv8/tools/compiler/gcc-arm-none-eabi-7-2017-q4-major-win32/bin/../lib/gcc/arm-none-eabi/7.2.1/../../../../arm-none-eabi/lib/thumb/v7e-m/fpv4-sp/hard\libg.a(lib_a-fini.o)
 .data          0x20000004        0x0 c:/ti/ccsv8/tools/compiler/gcc-arm-none-eabi-7-2017-q4-major-win32/bin/../lib/gcc/arm-none-eabi/7.2.1/../../../../arm-none-eabi/lib/thumb/v7e-m/fpv4-sp/hard\libg.a(lib_a-lock.o)
 .data          0x20000004        0x0 c:/ti/ccsv8/tools/compiler/gcc-arm-none-eabi-7-2017-q4-major-win32/bin/../lib/gcc/arm-none-eabi/7.2.1/../../../../arm-none-eabi/lib/thumb/v7e-m/fpv4-sp/hard\libg.a(lib_a-__atexit.o)
 .data          0x20000004        0x0 c:/ti/ccsv8/tools/compiler/gcc-arm-none-eabi-7-2017-q4-major-win32/bin/../lib/gcc/arm-none-eabi/7.2.1/../../../../arm-none-eabi/lib/thumb/v7e-m/fpv4-sp/hard\libnosys.a(_exit.o)
 .data          0x20000004        0x0 c:/ti/ccsv8/tools/compiler/gcc-arm-none-eabi-7-2017-q4-major-win32/bin/../lib/gcc/arm-none-eabi/7.2.1/thumb/v7e-m/fpv4-sp/hard/crtend.o
 .data          0x20000004        0x0 c:/ti/ccsv8/tools/compiler/gcc-arm-none-eabi-7-2017-q4-major-win32/bin/../lib/gcc/arm-none-eabi/7.2.1/thumb/v7e-m/fpv4-sp/hard/crtn.o
 *(.data*)
 .data.CW       0x20000004        0x1 ./digiswitch.o
                0x20000004                CW
 .data.counter  0x20000005        0x1 ./digiswitch.o
                0x20000005                counter
 .data.current_Dir
                0x20000006        0x1 ./digiswitch.o
                0x20000006                current_Dir
 *fill*         0x20000007        0x1 
 .data.xFreeBytesRemaining
                0x20000008        0x4 ./heap_2.o
 .data.uxCriticalNesting
                0x2000000c        0x4 ./port.o
 .data._impure_ptr
                0x20000010        0x4 c:/ti/ccsv8/tools/compiler/gcc-arm-none-eabi-7-2017-q4-major-win32/bin/../lib/gcc/arm-none-eabi/7.2.1/../../../../arm-none-eabi/lib/thumb/v7e-m/fpv4-sp/hard\libg.a(lib_a-impure.o)
                0x20000010                _impure_ptr
 *fill*         0x20000014        0x4 
 .data.impure_data
                0x20000018      0x428 c:/ti/ccsv8/tools/compiler/gcc-arm-none-eabi-7-2017-q4-major-win32/bin/../lib/gcc/arm-none-eabi/7.2.1/../../../../arm-none-eabi/lib/thumb/v7e-m/fpv4-sp/hard\libg.a(lib_a-impure.o)
 .data.__atexit_recursive_mutex
                0x20000440        0x4 c:/ti/ccsv8/tools/compiler/gcc-arm-none-eabi-7-2017-q4-major-win32/bin/../lib/gcc/arm-none-eabi/7.2.1/../../../../arm-none-eabi/lib/thumb/v7e-m/fpv4-sp/hard\libg.a(lib_a-__call_atexit.o)
                0x20000440                __atexit_recursive_mutex
                0x20000444                . = ALIGN (0x4)
                0x20000444                __data_end__ = .

.igot.plt       0x20000444        0x0 load address 0x000036dc
 .igot.plt      0x20000444        0x0 c:/ti/ccsv8/tools/compiler/gcc-arm-none-eabi-7-2017-q4-major-win32/bin/../lib/gcc/arm-none-eabi/7.2.1/thumb/v7e-m/fpv4-sp/hard/crtbegin.o

.ARM.exidx      0x000036dc        0x8
                0x000036dc                __exidx_start = .
 *(.ARM.exidx* .gnu.linkonce.armexidx.*)
 .ARM.exidx     0x000036dc        0x8 c:/ti/ccsv8/tools/compiler/gcc-arm-none-eabi-7-2017-q4-major-win32/bin/../lib/gcc/arm-none-eabi/7.2.1/../../../../arm-none-eabi/lib/thumb/v7e-m/fpv4-sp/hard/crt0.o
                0x000036e4                __exidx_end = .

.ARM.extab      0x000036e4        0x0
 *(.ARM.extab* .gnu.linkonce.armextab.*)
 .ARM.extab     0x000036e4        0x0 c:/ti/ccsv8/tools/compiler/gcc-arm-none-eabi-7-2017-q4-major-win32/bin/../lib/gcc/arm-none-eabi/7.2.1/../../../../arm-none-eabi/lib/thumb/v7e-m/fpv4-sp/hard/crt0.o

.rel.dyn        0x000036e4        0x0
 .rel.iplt      0x000036e4        0x0 c:/ti/ccsv8/tools/compiler/gcc-arm-none-eabi-7-2017-q4-major-win32/bin/../lib/gcc/arm-none-eabi/7.2.1/thumb/v7e-m/fpv4-sp/hard/crtbegin.o

.bss            0x20000444     0x1f7c
                0x20000444                __bss_start__ = .
 *(.shbss)
 *(.bss)
 .bss           0x20000444        0x0 c:/ti/ccsv8/tools/compiler/gcc-arm-none-eabi-7-2017-q4-major-win32/bin/../lib/gcc/arm-none-eabi/7.2.1/thumb/v7e-m/fpv4-sp/hard/crti.o
 .bss           0x20000444       0x1c c:/ti/ccsv8/tools/compiler/gcc-arm-none-eabi-7-2017-q4-major-win32/bin/../lib/gcc/arm-none-eabi/7.2.1/thumb/v7e-m/fpv4-sp/hard/crtbegin.o
 .bss           0x20000460        0x0 c:/ti/ccsv8/tools/compiler/gcc-arm-none-eabi-7-2017-q4-major-win32/bin/../lib/gcc/arm-none-eabi/7.2.1/../../../../arm-none-eabi/lib/thumb/v7e-m/fpv4-sp/hard/crt0.o
 .bss           0x20000460        0x0 ./adc.o
 .bss           0x20000460        0x0 ./digiswitch.o
 .bss           0x20000460        0x0 ./file.o
 .bss           0x20000460        0x0 ./gpio.o
 .bss           0x20000460        0x0 ./heap_2.o
 .bss           0x20000460        0x0 ./lcd.o
 .bss           0x20000460        0x0 ./list.o
 .bss           0x20000460        0x0 ./main.o
 .bss           0x20000460        0x0 ./port.o
 .bss           0x20000460        0x0 ./queue.o
 .bss           0x20000460        0x0 ./startup_frt.o
 .bss           0x20000460        0x0 ./status_led.o
 .bss           0x20000460        0x0 ./string.o
 .bss           0x20000460        0x0 ./systick_frt.o
 .bss           0x20000460        0x0 ./tasks.o
 .bss           0x20000460        0x0 c:/ti/ccsv8/tools/compiler/gcc-arm-none-eabi-7-2017-q4-major-win32/bin/../lib/gcc/arm-none-eabi/7.2.1/../../../../arm-none-eabi/lib/thumb/v7e-m/fpv4-sp/hard\libg.a(lib_a-exit.o)
 .bss           0x20000460        0x0 c:/ti/ccsv8/tools/compiler/gcc-arm-none-eabi-7-2017-q4-major-win32/bin/../lib/gcc/arm-none-eabi/7.2.1/../../../../arm-none-eabi/lib/thumb/v7e-m/fpv4-sp/hard\libg.a(lib_a-impure.o)
 .bss           0x20000460        0x0 c:/ti/ccsv8/tools/compiler/gcc-arm-none-eabi-7-2017-q4-major-win32/bin/../lib/gcc/arm-none-eabi/7.2.1/../../../../arm-none-eabi/lib/thumb/v7e-m/fpv4-sp/hard\libg.a(lib_a-init.o)
 .bss           0x20000460        0x0 c:/ti/ccsv8/tools/compiler/gcc-arm-none-eabi-7-2017-q4-major-win32/bin/../lib/gcc/arm-none-eabi/7.2.1/../../../../arm-none-eabi/lib/thumb/v7e-m/fpv4-sp/hard\libg.a(lib_a-memcpy.o)
 .bss           0x20000460        0x0 c:/ti/ccsv8/tools/compiler/gcc-arm-none-eabi-7-2017-q4-major-win32/bin/../lib/gcc/arm-none-eabi/7.2.1/../../../../arm-none-eabi/lib/thumb/v7e-m/fpv4-sp/hard\libg.a(lib_a-memset.o)
 .bss           0x20000460        0x0 c:/ti/ccsv8/tools/compiler/gcc-arm-none-eabi-7-2017-q4-major-win32/bin/../lib/gcc/arm-none-eabi/7.2.1/../../../../arm-none-eabi/lib/thumb/v7e-m/fpv4-sp/hard\libg.a(lib_a-__call_atexit.o)
 .bss           0x20000460        0x0 c:/ti/ccsv8/tools/compiler/gcc-arm-none-eabi-7-2017-q4-major-win32/bin/../lib/gcc/arm-none-eabi/7.2.1/../../../../arm-none-eabi/lib/thumb/v7e-m/fpv4-sp/hard\libg.a(lib_a-atexit.o)
 .bss           0x20000460        0x0 c:/ti/ccsv8/tools/compiler/gcc-arm-none-eabi-7-2017-q4-major-win32/bin/../lib/gcc/arm-none-eabi/7.2.1/../../../../arm-none-eabi/lib/thumb/v7e-m/fpv4-sp/hard\libg.a(lib_a-fini.o)
 .bss           0x20000460        0x0 c:/ti/ccsv8/tools/compiler/gcc-arm-none-eabi-7-2017-q4-major-win32/bin/../lib/gcc/arm-none-eabi/7.2.1/../../../../arm-none-eabi/lib/thumb/v7e-m/fpv4-sp/hard\libg.a(lib_a-lock.o)
 .bss           0x20000460        0x0 c:/ti/ccsv8/tools/compiler/gcc-arm-none-eabi-7-2017-q4-major-win32/bin/../lib/gcc/arm-none-eabi/7.2.1/../../../../arm-none-eabi/lib/thumb/v7e-m/fpv4-sp/hard\libg.a(lib_a-__atexit.o)
 .bss           0x20000460        0x0 c:/ti/ccsv8/tools/compiler/gcc-arm-none-eabi-7-2017-q4-major-win32/bin/../lib/gcc/arm-none-eabi/7.2.1/../../../../arm-none-eabi/lib/thumb/v7e-m/fpv4-sp/hard\libnosys.a(_exit.o)
 .bss           0x20000460        0x0 c:/ti/ccsv8/tools/compiler/gcc-arm-none-eabi-7-2017-q4-major-win32/bin/../lib/gcc/arm-none-eabi/7.2.1/thumb/v7e-m/fpv4-sp/hard/crtend.o
 .bss           0x20000460        0x0 c:/ti/ccsv8/tools/compiler/gcc-arm-none-eabi-7-2017-q4-major-win32/bin/../lib/gcc/arm-none-eabi/7.2.1/thumb/v7e-m/fpv4-sp/hard/crtn.o
 *(.bss.*)
 .bss.adc_adjusted_value
                0x20000460        0x2 ./adc.o
 .bss.offset    0x20000462        0x2 ./adc.o
 .bss.scalefactor
                0x20000464        0x2 ./adc.o
 *fill*         0x20000466        0x2 
 .bss.xMutex_Scale_AI
                0x20000468        0x4 ./adc.o
 .bss.CCW       0x2000046c        0x1 ./digiswitch.o
                0x2000046c                CCW
 *fill*         0x2000046d        0x3 
 .bss.ucHeap    0x20000470     0x1b58 ./heap_2.o
 .bss.xEnd      0x20001fc8        0x8 ./heap_2.o
 .bss.xHeapHasBeenInitialised.6401
                0x20001fd0        0x4 ./heap_2.o
 .bss.xStart    0x20001fd4        0x8 ./heap_2.o
 .bss.LCD_state
                0x20001fdc        0x1 ./lcd.o
 .bss.Mode4bit.5994
                0x20001fdd        0x1 ./lcd.o
 *fill*         0x20001fde        0x2 
 .bss.xQueueOutput
                0x20001fe0        0x4 ./lcd.o
 .bss.pui32Stack
                0x20001fe4      0x200 ./startup_frt.o
 .bss.pxCurrentTCB
                0x200021e4        0x4 ./tasks.o
                0x200021e4                pxCurrentTCB
 .bss.pxDelayedTaskList
                0x200021e8        0x4 ./tasks.o
 .bss.pxOverflowDelayedTaskList
                0x200021ec        0x4 ./tasks.o
 .bss.pxReadyTasksLists
                0x200021f0       0xc8 ./tasks.o
 .bss.uxCurrentNumberOfTasks
                0x200022b8        0x4 ./tasks.o
 .bss.uxDeletedTasksWaitingCleanUp
                0x200022bc        0x4 ./tasks.o
 .bss.uxPendedTicks
                0x200022c0        0x4 ./tasks.o
 .bss.uxSchedulerSuspended
                0x200022c4        0x4 ./tasks.o
 .bss.uxTaskNumber
                0x200022c8        0x4 ./tasks.o
 .bss.uxTopReadyPriority
                0x200022cc        0x4 ./tasks.o
 .bss.xDelayedTaskList1
                0x200022d0       0x14 ./tasks.o
 .bss.xDelayedTaskList2
                0x200022e4       0x14 ./tasks.o
 .bss.xIdleTaskHandle
                0x200022f8        0x4 ./tasks.o
 .bss.xNextTaskUnblockTime
                0x200022fc        0x4 ./tasks.o
 .bss.xNumOfOverflows
                0x20002300        0x4 ./tasks.o
 .bss.xPendingReadyList
                0x20002304       0x14 ./tasks.o
 .bss.xSchedulerRunning
                0x20002318        0x4 ./tasks.o
 .bss.xSuspendedTaskList
                0x2000231c       0x14 ./tasks.o
 .bss.xTasksWaitingTermination
                0x20002330       0x14 ./tasks.o
 .bss.xTickCount
                0x20002344        0x4 ./tasks.o
 .bss.xYieldPending
                0x20002348        0x4 ./tasks.o
 *(COMMON)
 COMMON         0x2000234c        0x2 ./adc.o
                0x2000234c                adc_value
 COMMON         0x2000234e        0x9 ./digiswitch.o
                0x2000234e                LAST_AB
                0x2000234f                A
                0x20002350                btn_Pushed
                0x20002351                YY
                0x20002352                btn_State
                0x20002353                B
                0x20002354                AB
                0x20002355                LAST_B
                0x20002356                LAST_A
 *fill*         0x20002357        0x1 
 COMMON         0x20002358       0x40 ./file.o
                0x20002358                pof
 COMMON         0x20002398        0x1 ./lcd.o
                0x20002398                LCD_init
 *fill*         0x20002399        0x3 
 COMMON         0x2000239c       0x21 c:/ti/ccsv8/tools/compiler/gcc-arm-none-eabi-7-2017-q4-major-win32/bin/../lib/gcc/arm-none-eabi/7.2.1/../../../../arm-none-eabi/lib/thumb/v7e-m/fpv4-sp/hard\libg.a(lib_a-lock.o)
                0x2000239c                __lock___atexit_recursive_mutex
                0x200023a0                __lock___arc4random_mutex
                0x200023a4                __lock___env_recursive_mutex
                0x200023a8                __lock___sinit_recursive_mutex
                0x200023ac                __lock___malloc_recursive_mutex
                0x200023b0                __lock___at_quick_exit_mutex
                0x200023b4                __lock___dd_hash_mutex
                0x200023b8                __lock___tz_mutex
                0x200023bc                __lock___sfp_recursive_mutex
                0x200023c0                . = ALIGN (0x4)
 *fill*         0x200023bd        0x3 
                0x200023c0                __bss_end__ = .

.heap           0x200023c0        0x0
                0x200023c0                __heap_start__ = .
                0x200023c0                end = __heap_start__
                0x200023c0                _end = end
                0x200023c0                __end = end
 *(.heap)
                0x200023c0                __heap_end__ = .
                0x200023c0                __HeapLimit = __heap_end__

.stack          0x200023c0        0x0
                0x200023c0                _stack = .
                0x200023c0                __stack = .
 *(.stack)
START GROUP
LOAD c:/ti/ccsv8/tools/compiler/gcc-arm-none-eabi-7-2017-q4-major-win32/bin/../lib/gcc/arm-none-eabi/7.2.1/thumb/v7e-m/fpv4-sp/hard\libgcc.a
LOAD c:/ti/ccsv8/tools/compiler/gcc-arm-none-eabi-7-2017-q4-major-win32/bin/../lib/gcc/arm-none-eabi/7.2.1/../../../../arm-none-eabi/lib/thumb/v7e-m/fpv4-sp/hard\libg.a
LOAD c:/ti/ccsv8/tools/compiler/gcc-arm-none-eabi-7-2017-q4-major-win32/bin/../lib/gcc/arm-none-eabi/7.2.1/../../../../arm-none-eabi/lib/thumb/v7e-m/fpv4-sp/hard\libc.a
END GROUP
START GROUP
LOAD c:/ti/ccsv8/tools/compiler/gcc-arm-none-eabi-7-2017-q4-major-win32/bin/../lib/gcc/arm-none-eabi/7.2.1/thumb/v7e-m/fpv4-sp/hard\libgcc.a
LOAD c:/ti/ccsv8/tools/compiler/gcc-arm-none-eabi-7-2017-q4-major-win32/bin/../lib/gcc/arm-none-eabi/7.2.1/../../../../arm-none-eabi/lib/thumb/v7e-m/fpv4-sp/hard\libc.a
LOAD c:/ti/ccsv8/tools/compiler/gcc-arm-none-eabi-7-2017-q4-major-win32/bin/../lib/gcc/arm-none-eabi/7.2.1/../../../../arm-none-eabi/lib/thumb/v7e-m/fpv4-sp/hard\libnosys.a
END GROUP
LOAD c:/ti/ccsv8/tools/compiler/gcc-arm-none-eabi-7-2017-q4-major-win32/bin/../lib/gcc/arm-none-eabi/7.2.1/thumb/v7e-m/fpv4-sp/hard/crtend.o
LOAD c:/ti/ccsv8/tools/compiler/gcc-arm-none-eabi-7-2017-q4-major-win32/bin/../lib/gcc/arm-none-eabi/7.2.1/thumb/v7e-m/fpv4-sp/hard/crtn.o
OUTPUT(Assignment08.out elf32-littlearm)

.ARM.attributes
                0x00000000       0x30
 .ARM.attributes
                0x00000000       0x22 c:/ti/ccsv8/tools/compiler/gcc-arm-none-eabi-7-2017-q4-major-win32/bin/../lib/gcc/arm-none-eabi/7.2.1/thumb/v7e-m/fpv4-sp/hard/crti.o
 .ARM.attributes
                0x00000022       0x34 c:/ti/ccsv8/tools/compiler/gcc-arm-none-eabi-7-2017-q4-major-win32/bin/../lib/gcc/arm-none-eabi/7.2.1/thumb/v7e-m/fpv4-sp/hard/crtbegin.o
 .ARM.attributes
                0x00000056       0x20 c:/ti/ccsv8/tools/compiler/gcc-arm-none-eabi-7-2017-q4-major-win32/bin/../lib/gcc/arm-none-eabi/7.2.1/../../../../arm-none-eabi/lib/thumb/v7e-m/fpv4-sp/hard/crt0.o
 .ARM.attributes
                0x00000076       0x39 ./adc.o
 .ARM.attributes
                0x000000af       0x39 ./digiswitch.o
 .ARM.attributes
                0x000000e8       0x39 ./file.o
 .ARM.attributes
                0x00000121       0x39 ./gpio.o
 .ARM.attributes
                0x0000015a       0x39 ./heap_2.o
 .ARM.attributes
                0x00000193       0x39 ./lcd.o
 .ARM.attributes
                0x000001cc       0x39 ./list.o
 .ARM.attributes
                0x00000205       0x39 ./main.o
 .ARM.attributes
                0x0000023e       0x39 ./port.o
 .ARM.attributes
                0x00000277       0x39 ./queue.o
 .ARM.attributes
                0x000002b0       0x39 ./startup_frt.o
 .ARM.attributes
                0x000002e9       0x39 ./status_led.o
 .ARM.attributes
                0x00000322       0x39 ./string.o
 .ARM.attributes
                0x0000035b       0x39 ./systick_frt.o
 .ARM.attributes
                0x00000394       0x39 ./tasks.o
 .ARM.attributes
                0x000003cd       0x34 c:/ti/ccsv8/tools/compiler/gcc-arm-none-eabi-7-2017-q4-major-win32/bin/../lib/gcc/arm-none-eabi/7.2.1/../../../../arm-none-eabi/lib/thumb/v7e-m/fpv4-sp/hard\libg.a(lib_a-exit.o)
 .ARM.attributes
                0x00000401       0x34 c:/ti/ccsv8/tools/compiler/gcc-arm-none-eabi-7-2017-q4-major-win32/bin/../lib/gcc/arm-none-eabi/7.2.1/../../../../arm-none-eabi/lib/thumb/v7e-m/fpv4-sp/hard\libg.a(lib_a-impure.o)
 .ARM.attributes
                0x00000435       0x34 c:/ti/ccsv8/tools/compiler/gcc-arm-none-eabi-7-2017-q4-major-win32/bin/../lib/gcc/arm-none-eabi/7.2.1/../../../../arm-none-eabi/lib/thumb/v7e-m/fpv4-sp/hard\libg.a(lib_a-init.o)
 .ARM.attributes
                0x00000469       0x20 c:/ti/ccsv8/tools/compiler/gcc-arm-none-eabi-7-2017-q4-major-win32/bin/../lib/gcc/arm-none-eabi/7.2.1/../../../../arm-none-eabi/lib/thumb/v7e-m/fpv4-sp/hard\libg.a(lib_a-memcpy.o)
 .ARM.attributes
                0x00000489       0x34 c:/ti/ccsv8/tools/compiler/gcc-arm-none-eabi-7-2017-q4-major-win32/bin/../lib/gcc/arm-none-eabi/7.2.1/../../../../arm-none-eabi/lib/thumb/v7e-m/fpv4-sp/hard\libg.a(lib_a-memset.o)
 .ARM.attributes
                0x000004bd       0x34 c:/ti/ccsv8/tools/compiler/gcc-arm-none-eabi-7-2017-q4-major-win32/bin/../lib/gcc/arm-none-eabi/7.2.1/../../../../arm-none-eabi/lib/thumb/v7e-m/fpv4-sp/hard\libg.a(lib_a-__call_atexit.o)
 .ARM.attributes
                0x000004f1       0x34 c:/ti/ccsv8/tools/compiler/gcc-arm-none-eabi-7-2017-q4-major-win32/bin/../lib/gcc/arm-none-eabi/7.2.1/../../../../arm-none-eabi/lib/thumb/v7e-m/fpv4-sp/hard\libg.a(lib_a-atexit.o)
 .ARM.attributes
                0x00000525       0x34 c:/ti/ccsv8/tools/compiler/gcc-arm-none-eabi-7-2017-q4-major-win32/bin/../lib/gcc/arm-none-eabi/7.2.1/../../../../arm-none-eabi/lib/thumb/v7e-m/fpv4-sp/hard\libg.a(lib_a-fini.o)
 .ARM.attributes
                0x00000559       0x34 c:/ti/ccsv8/tools/compiler/gcc-arm-none-eabi-7-2017-q4-major-win32/bin/../lib/gcc/arm-none-eabi/7.2.1/../../../../arm-none-eabi/lib/thumb/v7e-m/fpv4-sp/hard\libg.a(lib_a-lock.o)
 .ARM.attributes
                0x0000058d       0x34 c:/ti/ccsv8/tools/compiler/gcc-arm-none-eabi-7-2017-q4-major-win32/bin/../lib/gcc/arm-none-eabi/7.2.1/../../../../arm-none-eabi/lib/thumb/v7e-m/fpv4-sp/hard\libg.a(lib_a-__atexit.o)
 .ARM.attributes
                0x000005c1       0x34 c:/ti/ccsv8/tools/compiler/gcc-arm-none-eabi-7-2017-q4-major-win32/bin/../lib/gcc/arm-none-eabi/7.2.1/../../../../arm-none-eabi/lib/thumb/v7e-m/fpv4-sp/hard\libnosys.a(_exit.o)
 .ARM.attributes
                0x000005f5       0x34 c:/ti/ccsv8/tools/compiler/gcc-arm-none-eabi-7-2017-q4-major-win32/bin/../lib/gcc/arm-none-eabi/7.2.1/thumb/v7e-m/fpv4-sp/hard/crtend.o
 .ARM.attributes
                0x00000629       0x22 c:/ti/ccsv8/tools/compiler/gcc-arm-none-eabi-7-2017-q4-major-win32/bin/../lib/gcc/arm-none-eabi/7.2.1/thumb/v7e-m/fpv4-sp/hard/crtn.o

.comment        0x00000000       0x7e
 .comment       0x00000000       0x7e ./adc.o
                                 0x7f (size before relaxing)
 .comment       0x0000007e       0x7f ./digiswitch.o
 .comment       0x0000007e       0x7f ./file.o
 .comment       0x0000007e       0x7f ./gpio.o
 .comment       0x0000007e       0x7f ./heap_2.o
 .comment       0x0000007e       0x7f ./lcd.o
 .comment       0x0000007e       0x7f ./list.o
 .comment       0x0000007e       0x7f ./main.o
 .comment       0x0000007e       0x7f ./port.o
 .comment       0x0000007e       0x7f ./queue.o
 .comment       0x0000007e       0x7f ./startup_frt.o
 .comment       0x0000007e       0x7f ./status_led.o
 .comment       0x0000007e       0x7f ./string.o
 .comment       0x0000007e       0x7f ./systick_frt.o
 .comment       0x0000007e       0x7f ./tasks.o

.debug_info     0x00000000     0x61a3
 .debug_info    0x00000000      0x261 ./adc.o
 .debug_info    0x00000261      0x1a9 ./digiswitch.o
 .debug_info    0x0000040a      0x1c1 ./file.o
 .debug_info    0x000005cb       0xaf ./gpio.o
 .debug_info    0x0000067a      0xb12 ./heap_2.o
 .debug_info    0x0000118c      0x404 ./lcd.o
 .debug_info    0x00001590      0xae2 ./list.o
 .debug_info    0x00002072       0xc3 ./main.o
 .debug_info    0x00002135      0x2f8 ./port.o
 .debug_info    0x0000242d     0x1828 ./queue.o
 .debug_info    0x00003c55      0x190 ./startup_frt.o
 .debug_info    0x00003de5       0xfc ./status_led.o
 .debug_info    0x00003ee1      0x421 ./string.o
 .debug_info    0x00004302       0xc6 ./systick_frt.o
 .debug_info    0x000043c8     0x1ddb ./tasks.o

.debug_abbrev   0x00000000     0x141e
 .debug_abbrev  0x00000000       0xcd ./adc.o
 .debug_abbrev  0x000000cd       0x6c ./digiswitch.o
 .debug_abbrev  0x00000139      0x121 ./file.o
 .debug_abbrev  0x0000025a       0x59 ./gpio.o
 .debug_abbrev  0x000002b3      0x26a ./heap_2.o
 .debug_abbrev  0x0000051d      0x178 ./lcd.o
 .debug_abbrev  0x00000695      0x217 ./list.o
 .debug_abbrev  0x000008ac       0x54 ./main.o
 .debug_abbrev  0x00000900      0x1a4 ./port.o
 .debug_abbrev  0x00000aa4      0x30b ./queue.o
 .debug_abbrev  0x00000daf       0xca ./startup_frt.o
 .debug_abbrev  0x00000e79       0x86 ./status_led.o
 .debug_abbrev  0x00000eff      0x186 ./string.o
 .debug_abbrev  0x00001085       0x4a ./systick_frt.o
 .debug_abbrev  0x000010cf      0x34f ./tasks.o

.debug_loc      0x00000000     0x2606
 .debug_loc     0x00000000       0x26 ./adc.o
 .debug_loc     0x00000026       0x93 ./file.o
 .debug_loc     0x000000b9      0x169 ./heap_2.o
 .debug_loc     0x00000222      0x186 ./lcd.o
 .debug_loc     0x000003a8       0x62 ./list.o
 .debug_loc     0x0000040a       0x31 ./port.o
 .debug_loc     0x0000043b      0xc7b ./queue.o
 .debug_loc     0x000010b6       0x26 ./startup_frt.o
 .debug_loc     0x000010dc       0x13 ./status_led.o
 .debug_loc     0x000010ef      0x545 ./string.o
 .debug_loc     0x00001634      0xfd2 ./tasks.o

.debug_aranges  0x00000000      0x608
 .debug_aranges
                0x00000000       0x68 ./adc.o
 .debug_aranges
                0x00000068       0x20 ./digiswitch.o
 .debug_aranges
                0x00000088       0x30 ./file.o
 .debug_aranges
                0x000000b8       0x20 ./gpio.o
 .debug_aranges
                0x000000d8       0x40 ./heap_2.o
 .debug_aranges
                0x00000118       0x88 ./lcd.o
 .debug_aranges
                0x000001a0       0x40 ./list.o
 .debug_aranges
                0x000001e0       0x30 ./main.o
 .debug_aranges
                0x00000210       0x78 ./port.o
 .debug_aranges
                0x00000288       0xf0 ./queue.o
 .debug_aranges
                0x00000378       0x38 ./startup_frt.o
 .debug_aranges
                0x000003b0       0x28 ./status_led.o
 .debug_aranges
                0x000003d8       0x60 ./string.o
 .debug_aranges
                0x00000438       0x30 ./systick_frt.o
 .debug_aranges
                0x00000468      0x1a0 ./tasks.o

.debug_ranges   0x00000000      0x6c0
 .debug_ranges  0x00000000       0x58 ./adc.o
 .debug_ranges  0x00000058       0x10 ./digiswitch.o
 .debug_ranges  0x00000068       0x20 ./file.o
 .debug_ranges  0x00000088       0x10 ./gpio.o
 .debug_ranges  0x00000098       0x30 ./heap_2.o
 .debug_ranges  0x000000c8       0x78 ./lcd.o
 .debug_ranges  0x00000140       0x30 ./list.o
 .debug_ranges  0x00000170       0x20 ./main.o
 .debug_ranges  0x00000190       0x68 ./port.o
 .debug_ranges  0x000001f8      0x1c0 ./queue.o
 .debug_ranges  0x000003b8       0x28 ./startup_frt.o
 .debug_ranges  0x000003e0       0x18 ./status_led.o
 .debug_ranges  0x000003f8       0x50 ./string.o
 .debug_ranges  0x00000448       0x20 ./systick_frt.o
 .debug_ranges  0x00000468      0x258 ./tasks.o

.debug_line     0x00000000     0x2858
 .debug_line    0x00000000      0x235 ./adc.o
 .debug_line    0x00000235      0x189 ./digiswitch.o
 .debug_line    0x000003be       0x86 ./file.o
 .debug_line    0x00000444      0x123 ./gpio.o
 .debug_line    0x00000567      0x2df ./heap_2.o
 .debug_line    0x00000846      0x2d1 ./lcd.o
 .debug_line    0x00000b17      0x2e9 ./list.o
 .debug_line    0x00000e00       0x69 ./main.o
 .debug_line    0x00000e69      0x289 ./port.o
 .debug_line    0x000010f2      0x70b ./queue.o
 .debug_line    0x000017fd      0x178 ./startup_frt.o
 .debug_line    0x00001975      0x174 ./status_led.o
 .debug_line    0x00001ae9      0x20f ./string.o
 .debug_line    0x00001cf8      0x167 ./systick_frt.o
 .debug_line    0x00001e5f      0x9f9 ./tasks.o

.debug_str      0x00000000     0x1dbf
 .debug_str     0x00000000      0x282 ./adc.o
                                0x2f1 (size before relaxing)
 .debug_str     0x00000282       0x5c ./digiswitch.o
                                0x224 (size before relaxing)
 .debug_str     0x000002de       0x2f ./file.o
                                0x1de (size before relaxing)
 .debug_str     0x0000030d       0x1a ./gpio.o
                                0x1c6 (size before relaxing)
 .debug_str     0x00000327      0x533 ./heap_2.o
                                0x736 (size before relaxing)
 .debug_str     0x0000085a      0x13a ./lcd.o
                                0x369 (size before relaxing)
 .debug_str     0x00000994      0x13c ./list.o
                                0x6f3 (size before relaxing)
 .debug_str     0x00000ad0       0x32 ./main.o
                                0x1db (size before relaxing)
 .debug_str     0x00000b02      0x194 ./port.o
                                0x373 (size before relaxing)
 .debug_str     0x00000c96      0x530 ./queue.o
                                0xc36 (size before relaxing)
 .debug_str     0x000011c6       0xc6 ./startup_frt.o
                                0x265 (size before relaxing)
 .debug_str     0x0000128c       0x36 ./status_led.o
                                0x211 (size before relaxing)
 .debug_str     0x000012c2       0xb6 ./string.o
                                0x25e (size before relaxing)
 .debug_str     0x00001378       0x5f ./systick_frt.o
                                0x20b (size before relaxing)
 .debug_str     0x000013d7      0x9e8 ./tasks.o
                               0x11d2 (size before relaxing)

.debug_frame    0x00000000     0x1164
 .debug_frame   0x00000000       0xc8 ./adc.o
 .debug_frame   0x000000c8       0x28 ./digiswitch.o
 .debug_frame   0x000000f0       0x50 ./file.o
 .debug_frame   0x00000140       0x20 ./gpio.o
 .debug_frame   0x00000160       0x80 ./heap_2.o
 .debug_frame   0x000001e0      0x15c ./lcd.o
 .debug_frame   0x0000033c       0x6c ./list.o
 .debug_frame   0x000003a8       0x60 ./main.o
 .debug_frame   0x00000408       0xe8 ./port.o
 .debug_frame   0x000004f0      0x2f8 ./queue.o
 .debug_frame   0x000007e8       0x58 ./startup_frt.o
 .debug_frame   0x00000840       0x38 ./status_led.o
 .debug_frame   0x00000878      0x160 ./string.o
 .debug_frame   0x000009d8       0x40 ./systick_frt.o
 .debug_frame   0x00000a18      0x50c ./tasks.o
 .debug_frame   0x00000f24       0x28 c:/ti/ccsv8/tools/compiler/gcc-arm-none-eabi-7-2017-q4-major-win32/bin/../lib/gcc/arm-none-eabi/7.2.1/../../../../arm-none-eabi/lib/thumb/v7e-m/fpv4-sp/hard\libg.a(lib_a-exit.o)
 .debug_frame   0x00000f4c       0x2c c:/ti/ccsv8/tools/compiler/gcc-arm-none-eabi-7-2017-q4-major-win32/bin/../lib/gcc/arm-none-eabi/7.2.1/../../../../arm-none-eabi/lib/thumb/v7e-m/fpv4-sp/hard\libg.a(lib_a-init.o)
 .debug_frame   0x00000f78       0x38 c:/ti/ccsv8/tools/compiler/gcc-arm-none-eabi-7-2017-q4-major-win32/bin/../lib/gcc/arm-none-eabi/7.2.1/../../../../arm-none-eabi/lib/thumb/v7e-m/fpv4-sp/hard\libg.a(lib_a-memset.o)
 .debug_frame   0x00000fb0       0x5c c:/ti/ccsv8/tools/compiler/gcc-arm-none-eabi-7-2017-q4-major-win32/bin/../lib/gcc/arm-none-eabi/7.2.1/../../../../arm-none-eabi/lib/thumb/v7e-m/fpv4-sp/hard\libg.a(lib_a-__call_atexit.o)
 .debug_frame   0x0000100c       0x20 c:/ti/ccsv8/tools/compiler/gcc-arm-none-eabi-7-2017-q4-major-win32/bin/../lib/gcc/arm-none-eabi/7.2.1/../../../../arm-none-eabi/lib/thumb/v7e-m/fpv4-sp/hard\libg.a(lib_a-atexit.o)
 .debug_frame   0x0000102c       0x34 c:/ti/ccsv8/tools/compiler/gcc-arm-none-eabi-7-2017-q4-major-win32/bin/../lib/gcc/arm-none-eabi/7.2.1/../../../../arm-none-eabi/lib/thumb/v7e-m/fpv4-sp/hard\libg.a(lib_a-fini.o)
 .debug_frame   0x00001060       0xb0 c:/ti/ccsv8/tools/compiler/gcc-arm-none-eabi-7-2017-q4-major-win32/bin/../lib/gcc/arm-none-eabi/7.2.1/../../../../arm-none-eabi/lib/thumb/v7e-m/fpv4-sp/hard\libg.a(lib_a-lock.o)
 .debug_frame   0x00001110       0x34 c:/ti/ccsv8/tools/compiler/gcc-arm-none-eabi-7-2017-q4-major-win32/bin/../lib/gcc/arm-none-eabi/7.2.1/../../../../arm-none-eabi/lib/thumb/v7e-m/fpv4-sp/hard\libg.a(lib_a-__atexit.o)
 .debug_frame   0x00001144       0x20 c:/ti/ccsv8/tools/compiler/gcc-arm-none-eabi-7-2017-q4-major-win32/bin/../lib/gcc/arm-none-eabi/7.2.1/../../../../arm-none-eabi/lib/thumb/v7e-m/fpv4-sp/hard\libnosys.a(_exit.o)
